// Vitest Snapshot v1, https://vitest.dev/guide/snapshot.html

exports[`Settings > should match snapshot 1`] = `
<div
  class="w-[400px]"
  data-orientation="horizontal"
  dir="ltr"
>
  <div
    aria-orientation="horizontal"
    class="h-10 items-center justify-center rounded-md bg-muted p-1 text-muted-foreground grid w-full grid-cols-2"
    data-orientation="horizontal"
    role="tablist"
    style="outline: none;"
    tabindex="0"
  >
    <button
      aria-controls="radix-:r0:-content-account"
      aria-selected="true"
      class="inline-flex items-center justify-center whitespace-nowrap rounded-sm px-3 py-1.5 text-sm font-medium ring-offset-background transition-all focus-visible:outline-none focus-visible:ring-2 focus-visible:ring-ring focus-visible:ring-offset-2 disabled:pointer-events-none disabled:opacity-50 data-[state=active]:bg-background data-[state=active]:text-foreground data-[state=active]:shadow-sm"
      data-orientation="horizontal"
      data-radix-collection-item=""
      data-state="active"
      id="radix-:r0:-trigger-account"
      role="tab"
      tabindex="-1"
      type="button"
    >
      Account
    </button>
    <button
      aria-controls="radix-:r0:-content-password"
      aria-selected="false"
      class="inline-flex items-center justify-center whitespace-nowrap rounded-sm px-3 py-1.5 text-sm font-medium ring-offset-background transition-all focus-visible:outline-none focus-visible:ring-2 focus-visible:ring-ring focus-visible:ring-offset-2 disabled:pointer-events-none disabled:opacity-50 data-[state=active]:bg-background data-[state=active]:text-foreground data-[state=active]:shadow-sm"
      data-orientation="horizontal"
      data-radix-collection-item=""
      data-state="inactive"
      id="radix-:r0:-trigger-password"
      role="tab"
      tabindex="-1"
      type="button"
    >
      Password
    </button>
  </div>
  <div
    aria-labelledby="radix-:r0:-trigger-account"
    class="mt-2 ring-offset-background focus-visible:outline-none focus-visible:ring-2 focus-visible:ring-ring focus-visible:ring-offset-2"
    data-orientation="horizontal"
    data-state="active"
    id="radix-:r0:-content-account"
    role="tabpanel"
    style="animation-duration: 0s;"
    tabindex="0"
  >
    AccountTab
  </div>
  <div
    aria-labelledby="radix-:r0:-trigger-password"
    class="mt-2 ring-offset-background focus-visible:outline-none focus-visible:ring-2 focus-visible:ring-ring focus-visible:ring-offset-2"
    data-orientation="horizontal"
    data-state="inactive"
    hidden=""
    id="radix-:r0:-content-password"
    role="tabpanel"
    tabindex="0"
  />
</div>
`;
